C:\Users\162058>cd Documents

C:\Users\162058\Documents>mkdir GitLab

C:\Users\162058\Documents>cd GitLab

C:\Users\162058\Documents\GitLab>git init
Initialized empty Git repository in C:/Users/162058/Documents/GitLab/.git/

C:\Users\162058\Documents\GitLab>git status
On branch master

No commits yet

Untracked files:
  (use "git add <file>..." to include in what will be committed)

        program.txt.txt

nothing added to commit but untracked files present (use "git add" to track)

C:\Users\162058\Documents\GitLab>git status
On branch master

No commits yet

Untracked files:
  (use "git add <file>..." to include in what will be committed)

        program.txt

nothing added to commit but untracked files present (use "git add" to track)

C:\Users\162058\Documents\GitLab>git add program.txt

C:\Users\162058\Documents\GitLab>git add program.txt

C:\Users\162058\Documents\GitLab>git commit -m "Initial Commit"
[master (root-commit) 0a2343e] Initial Commit
 1 file changed, 16 insertions(+)
 create mode 100644 program.txt

C:\Users\162058\Documents\GitLab>git branch bugFix1

C:\Users\162058\Documents\GitLab>git branch logs

C:\Users\162058\Documents\GitLab>git checkout bugFix1
Switched to branch 'bugFix1'

C:\Users\162058\Documents\GitLab>git status
On branch bugFix1
Changes not staged for commit:
  (use "git add <file>..." to update what will be committed)
  (use "git checkout -- <file>..." to discard changes in working directory)

        modified:   program.txt

no changes added to commit (use "git add" and/or "git commit -a")

C:\Users\162058\Documents\GitLab>git add program.txt

C:\Users\162058\Documents\GitLab>git commit -m "implemented functions"
[bugFix1 7e0a5cb] implemented functions
 1 file changed, 2 insertions(+), 2 deletions(-)

C:\Users\162058\Documents\GitLab>git remote add origin https://github.com/dpaunov21/-SI_162058_lab1.git

C:\Users\162058\Documents\GitLab>git push -u origin master
Enumerating objects: 3, done.
Counting objects: 100% (3/3), done.
Delta compression using up to 4 threads
Compressing objects: 100% (2/2), done.
Writing objects: 100% (3/3), 313 bytes | 156.00 KiB/s, done.
Total 3 (delta 0), reused 0 (delta 0)
To https://github.com/dpaunov21/-SI_162058_lab1.git
 * [new branch]      master -> master
Branch 'master' set up to track remote branch 'master' from 'origin'.

C:\Users\162058\Documents\GitLab>git checkout logs
Switched to branch 'logs'

C:\Users\162058\Documents\GitLab>